package main

import (
	"net/http"

	"github.com/mgo-framework/mgo/framework/web"
)

// Handlers are plain net/http. web.JSON / web.Bind are optional helpers —
// ordinary functions over ResponseWriter and Request, not a framework Ctx.

func helloHandler(w http.ResponseWriter, r *http.Request) {
	web.JSON(w, http.StatusOK, map[string]string{"message": "hello from demo"})
}

func healthHandler() http.HandlerFunc {
	return func(w http.ResponseWriter, r *http.Request) {
		web.JSON(w, http.StatusOK, map[string]string{"status": "ok"})
	}
}
