package main

import (
	"net/http"
	"net/http/httptest"
	"testing"
)

func TestHello(t *testing.T) {
	rec := httptest.NewRecorder()
	newRouter().ServeHTTP(rec, httptest.NewRequest("GET", "/", nil))
	if rec.Code != http.StatusOK {
		t.Fatalf("GET / status = %d, want 200", rec.Code)
	}
}

func TestHealthz(t *testing.T) {
	rec := httptest.NewRecorder()
	newRouter().ServeHTTP(rec, httptest.NewRequest("GET", "/healthz", nil))
	if rec.Code != http.StatusOK {
		t.Fatalf("GET /healthz status = %d, want 200", rec.Code)
	}
}
