module demo

go 1.26.5

replace github.com/mgo-framework/mgo/contracts => /mgo/contracts
replace github.com/mgo-framework/mgo/framework => /mgo/framework
replace github.com/mgo-framework/mgo/adapters/router-stdmux => /mgo/adapters/router-stdmux
replace github.com/mgo-framework/mgo/adapters/db-sql => /mgo/adapters/db-sql
